Testing output redirection